// Jest Snapshot v1, https://goo.gl/fbAQLP

exports[`Login renders the component 1`] = `
<div>
  <div
    class="container"
  >
    <h1
      class="center"
    >
      Log In
    </h1>
    <button
      class="existUser-btn"
    >
      <strong>
        Existing User
      </strong>
    </button>
    <form
      class="center"
    >
      <div
        class="form-group"
      >
        <label>
          Username:
        </label>
        <input
          data-testid="username-input"
          name="username"
          placeholder="username..."
          type="text"
          value=""
        />
      </div>
      <div
        class="form-group"
      >
        <label>
          Password:
        </label>
        <input
          data-testid="password-input"
          name="password"
          placeholder="password..."
          type="password"
          value=""
        />
      </div>
      <button
        class="btn"
        data-testid="submit-button"
        disabled=""
        type="submit"
      >
        Submit
      </button>
    </form>
  </div>
</div>
`;
